// Jest Snapshot v1, https://goo.gl/fbAQLP

exports[`OrganizationEditForm Should render the component 1`] = `
<div
  className="organization-edit-details"
>
  <h1>
    Create 
     Organization
  </h1>
  <div
    className="main-form"
  >
    <div
      className="row"
    >
      <div
        className="col-sm-6"
      />
      <div
        className="col-sm-6"
      >
        <div
          className="form-group"
        >
          <label
            htmlFor="org-type"
          >
            <div
              className="col-sm-4"
            >
               Supplier Type : 
            </div>
            <div
              className="col-sm-8"
            >
               
              <input
                defaultChecked={true}
                id="org-type"
                name="org_type"
                onChange={[MockFunction]}
                type="radio"
                value={2}
              />
              <span>
                 
                Part 3 Fuel Supplier
              </span>
            </div>
          </label>
        </div>
      </div>
    </div>
    <div
      className="row"
    >
      <div
        className="col-sm-5"
      >
        <h3>
          Head Office:
        </h3>
        <div
          className="form-group"
        >
          <label
            htmlFor="organization-name"
          >
            Organization Name:
            <div
              className="form-control read-only"
            >
              TFRS
            </div>
          </label>
        </div>
        <div
          className="form-group"
        >
          <label
            htmlFor="organization-address-line-1"
          >
            Street Address / PO Box:
            <input
              className="form-control"
              id="organization-address-line-1"
              name="org_addressLine1"
              onChange={[MockFunction]}
              value=""
            />
          </label>
        </div>
        <div
          className="form-group"
        >
          <label
            htmlFor="organization-address-line-2"
          >
            Address Other (optional):
            <input
              className="form-control"
              id="organization-address-line-2"
              name="org_addressLine2"
              onChange={[MockFunction]}
              value=""
            />
          </label>
        </div>
        <div
          className="form-group"
        >
          <label
            htmlFor="organization-city"
          >
            City:
            <input
              className="form-control"
              id="organization-city"
              name="org_city"
              onChange={[MockFunction]}
              value=""
            />
          </label>
        </div>
        <div
          className="form-group"
        >
          <label
            htmlFor="organization-state"
          >
            Province / State:
            <input
              className="form-control"
              id="organization-state"
              name="org_state"
              onChange={[MockFunction]}
              value=""
            />
          </label>
        </div>
        <div
          className="form-group"
        >
          <label
            htmlFor="organization-country"
          >
            Country:
            <input
              className="form-control"
              id="organization-country"
              name="org_country"
              onChange={[MockFunction]}
              value=""
            />
          </label>
        </div>
        <div
          className="form-group"
        >
          <label
            htmlFor="organization-postal-code"
          >
            Postal Code / ZIP:
            <input
              className="form-control"
              id="organization-postal-code"
              name="org_postalCode"
              onChange={[MockFunction]}
              value=""
            />
          </label>
        </div>
      </div>
      <div
        className="col-sm-5"
      >
        <h3>
          Corporation or Attorney in B.C.
        </h3>
        <div
          className="form-group"
        >
          <label
            htmlFor="att-representativeName"
          >
            Name of Representative 
            <span>
              (optional)
            </span>
             :
             
            <input
              className="form-control"
              id="att-representativeName"
              name="att_representativeName"
              onChange={[MockFunction]}
              type="text"
              value=""
            />
          </label>
        </div>
        <div
          className="form-group"
        >
          <label
            htmlFor="att-streetAddress"
          >
            Street Address / PO Box
            <input
              className="form-control"
              id="att-streetAddress"
              name="att_streetAddress"
              onChange={[MockFunction]}
              type="text"
              value=""
            />
          </label>
        </div>
        <div
          className="form-group"
        >
          <label
            htmlFor="att-otherAddress"
          >
            Address Other 
            <span>
              (optional) :
            </span>
            <input
              className="form-control"
              id="att-otherAddress"
              name="att_otherAddress"
              onChange={[MockFunction]}
              type="text"
              value=""
            />
          </label>
        </div>
        <div
          className="form-group"
        >
          <label
            htmlFor="att-city"
          >
            City
            <input
              className="form-control"
              id="att-city"
              name="att_city"
              onChange={[MockFunction]}
              type="text"
              value=""
            />
          </label>
        </div>
        <div
          className="form-group"
        >
          <label
            htmlFor="att-province"
          >
            Province
            <input
              className="form-control"
              disabled={true}
              id="att-province"
              name="att_province"
              type="text"
              value=""
            />
          </label>
        </div>
        <div
          className="form-group"
        >
          <label
            htmlFor="att-country"
          >
            Country:
            <input
              className="form-control"
              disabled={true}
              id="att-country"
              name="att_country"
              type="text"
              value=""
            />
          </label>
        </div>
        <div
          className="form-group"
        >
          <label
            htmlFor="att-postalCode"
          >
            Postal Code :
            <input
              className="form-control"
              id="att-postalCode"
              name="att_postalCode"
              onChange={[MockFunction]}
              type="text"
              value="200001"
            />
          </label>
        </div>
      </div>
    </div>
  </div>
  <div
    className="organization-actions"
  >
    <div
      className="btn-container"
    >
      <button
        className="btn btn-default"
        onClick={[Function]}
        type="button"
      >
         
        Back
      </button>
      <button
        className="btn btn-primary"
        disabled={true}
        id="save-organization"
        onClick={[Function]}
        type="submit"
      >
         
        Save
      </button>
    </div>
  </div>
</div>
`;
