// Jest Snapshot v1, https://goo.gl/fbAQLP

exports[`ErrorAlert should display the title and message as expected 1`] = `
<div>
  <h1>
    Title
  </h1>
  <p>
    Message
  </p>
</div>
`;
