// Jest Snapshot v1, https://goo.gl/fbAQLP

exports[`ComplianceReportingTable should render the component 1`] = `
<div
  className="ReactTable searchable complianceReportListTable"
  style={{}}
>
  <div
    className="rt-table"
    role="grid"
  >
    <div
      className="rt-thead -header"
      style={
        {
          "minWidth": "520px",
        }
      }
    >
      <div
        className="rt-tr"
        role="row"
      >
        <div
          className="rt-th rt-resizable-header -cursor-pointer"
          onClick={[Function]}
          role="columnheader"
          style={
            {
              "flex": "50 0 auto",
              "maxWidth": null,
              "width": "50px",
            }
          }
          tabIndex="-1"
        >
          <div
            className="rt-resizable-header-content"
          >
            Compliance Period
          </div>
          <div
            className="rt-resizer"
            onMouseDown={[Function]}
            onTouchStart={[Function]}
          />
        </div>
        <div
          className="rt-th rt-resizable-header -cursor-pointer"
          onClick={[Function]}
          role="columnheader"
          style={
            {
              "flex": "75 0 auto",
              "maxWidth": null,
              "width": "75px",
            }
          }
          tabIndex="-1"
        >
          <div
            className="rt-resizable-header-content"
          >
            Organization
          </div>
          <div
            className="rt-resizer"
            onMouseDown={[Function]}
            onTouchStart={[Function]}
          />
        </div>
        <div
          className="rt-th rt-resizable-header -cursor-pointer"
          onClick={[Function]}
          role="columnheader"
          style={
            {
              "flex": "75 0 auto",
              "maxWidth": null,
              "width": "75px",
            }
          }
          tabIndex="-1"
        >
          <div
            className="rt-resizable-header-content"
          >
            Display Name
          </div>
          <div
            className="rt-resizer"
            onMouseDown={[Function]}
            onTouchStart={[Function]}
          />
        </div>
        <div
          className="rt-th rt-resizable-header -cursor-pointer"
          onClick={[Function]}
          role="columnheader"
          style={
            {
              "flex": "75 0 auto",
              "maxWidth": null,
              "width": "75px",
            }
          }
          tabIndex="-1"
        >
          <div
            className="rt-resizable-header-content"
          >
            Original Status
          </div>
          <div
            className="rt-resizer"
            onMouseDown={[Function]}
            onTouchStart={[Function]}
          />
        </div>
        <div
          className="rt-th rt-resizable-header -cursor-pointer"
          onClick={[Function]}
          role="columnheader"
          style={
            {
              "flex": "75 0 auto",
              "maxWidth": null,
              "width": "75px",
            }
          }
          tabIndex="-1"
        >
          <div
            className="rt-resizable-header-content"
          >
            Supplemental Status
          </div>
          <div
            className="rt-resizer"
            onMouseDown={[Function]}
            onTouchStart={[Function]}
          />
        </div>
        <div
          className="rt-th rt-resizable-header -cursor-pointer"
          onClick={[Function]}
          role="columnheader"
          style={
            {
              "flex": "75 0 auto",
              "maxWidth": null,
              "width": "75px",
            }
          }
          tabIndex="-1"
        >
          <div
            className="rt-resizable-header-content"
          >
            Current Status
          </div>
          <div
            className="rt-resizer"
            onMouseDown={[Function]}
            onTouchStart={[Function]}
          />
        </div>
        <div
          className="rt-th rt-resizable-header -cursor-pointer"
          onClick={[Function]}
          role="columnheader"
          style={
            {
              "flex": "95 0 auto",
              "maxWidth": null,
              "width": "95px",
            }
          }
          tabIndex="-1"
        >
          <div
            className="rt-resizable-header-content"
          >
            Last Updated On
          </div>
          <div
            className="rt-resizer"
            onMouseDown={[Function]}
            onTouchStart={[Function]}
          />
        </div>
      </div>
    </div>
    <div
      className="rt-thead -filters"
      style={
        {
          "minWidth": "520px",
        }
      }
    >
      <div
        className="rt-tr"
        role="row"
      >
        <div
          className="rt-th"
          onClick={[Function]}
          role="columnheader"
          style={
            {
              "flex": "50 0 auto",
              "maxWidth": null,
              "width": "50px",
            }
          }
          tabIndex="-1"
        >
          <input
            onChange={[Function]}
            style={
              {
                "width": "100%",
              }
            }
            type="text"
            value=""
          />
        </div>
        <div
          className="rt-th"
          onClick={[Function]}
          role="columnheader"
          style={
            {
              "flex": "75 0 auto",
              "maxWidth": null,
              "width": "75px",
            }
          }
          tabIndex="-1"
        >
          <input
            onChange={[Function]}
            style={
              {
                "width": "100%",
              }
            }
            type="text"
            value=""
          />
        </div>
        <div
          className="rt-th"
          onClick={[Function]}
          role="columnheader"
          style={
            {
              "flex": "75 0 auto",
              "maxWidth": null,
              "width": "75px",
            }
          }
          tabIndex="-1"
        >
          <input
            onChange={[Function]}
            style={
              {
                "width": "100%",
              }
            }
            type="text"
            value=""
          />
        </div>
        <div
          className="rt-th"
          onClick={[Function]}
          role="columnheader"
          style={
            {
              "flex": "75 0 auto",
              "maxWidth": null,
              "width": "75px",
            }
          }
          tabIndex="-1"
        >
          <input
            onChange={[Function]}
            style={
              {
                "width": "100%",
              }
            }
            type="text"
            value=""
          />
        </div>
        <div
          className="rt-th"
          onClick={[Function]}
          role="columnheader"
          style={
            {
              "flex": "75 0 auto",
              "maxWidth": null,
              "width": "75px",
            }
          }
          tabIndex="-1"
        >
          <input
            onChange={[Function]}
            style={
              {
                "width": "100%",
              }
            }
            type="text"
            value=""
          />
        </div>
        <div
          className="rt-th"
          onClick={[Function]}
          role="columnheader"
          style={
            {
              "flex": "75 0 auto",
              "maxWidth": null,
              "width": "75px",
            }
          }
          tabIndex="-1"
        >
          <input
            onChange={[Function]}
            style={
              {
                "width": "100%",
              }
            }
            type="text"
            value=""
          />
        </div>
        <div
          className="rt-th"
          onClick={[Function]}
          role="columnheader"
          style={
            {
              "flex": "95 0 auto",
              "maxWidth": null,
              "width": "95px",
            }
          }
          tabIndex="-1"
        >
          <input
            onChange={[Function]}
            style={
              {
                "width": "100%",
              }
            }
            type="text"
            value=""
          />
        </div>
      </div>
    </div>
    <div
      className="rt-tbody"
      style={
        {
          "minWidth": "520px",
        }
      }
    >
      <div
        className="rt-tr-group"
        role="rowgroup"
      >
        <div
          className="rt-tr -padRow -odd"
          role="row"
          style={{}}
        >
          <div
            className="rt-td col-compliance-year"
            role="gridcell"
            style={
              {
                "flex": "50 0 auto",
                "maxWidth": null,
                "width": "50px",
              }
            }
          >
            <span>
               
            </span>
          </div>
          <div
            className="rt-td col-organization"
            role="gridcell"
            style={
              {
                "flex": "75 0 auto",
                "maxWidth": null,
                "width": "75px",
              }
            }
          >
            <span>
               
            </span>
          </div>
          <div
            className="rt-td col-displayname"
            role="gridcell"
            style={
              {
                "flex": "75 0 auto",
                "maxWidth": null,
                "width": "75px",
              }
            }
          >
            <span>
               
            </span>
          </div>
          <div
            className="rt-td col-status"
            role="gridcell"
            style={
              {
                "flex": "75 0 auto",
                "maxWidth": null,
                "width": "75px",
              }
            }
          >
            <span>
               
            </span>
          </div>
          <div
            className="rt-td col-supplemental-status"
            role="gridcell"
            style={
              {
                "flex": "75 0 auto",
                "maxWidth": null,
                "width": "75px",
              }
            }
          >
            <span>
               
            </span>
          </div>
          <div
            className="rt-td col-status"
            role="gridcell"
            style={
              {
                "flex": "75 0 auto",
                "maxWidth": null,
                "width": "75px",
              }
            }
          >
            <span>
               
            </span>
          </div>
          <div
            className="rt-td col-date"
            role="gridcell"
            style={
              {
                "flex": "95 0 auto",
                "maxWidth": null,
                "width": "95px",
              }
            }
          >
            <span>
               
            </span>
          </div>
        </div>
      </div>
      <div
        className="rt-tr-group"
        role="rowgroup"
      >
        <div
          className="rt-tr -padRow -even"
          role="row"
          style={{}}
        >
          <div
            className="rt-td col-compliance-year"
            role="gridcell"
            style={
              {
                "flex": "50 0 auto",
                "maxWidth": null,
                "width": "50px",
              }
            }
          >
            <span>
               
            </span>
          </div>
          <div
            className="rt-td col-organization"
            role="gridcell"
            style={
              {
                "flex": "75 0 auto",
                "maxWidth": null,
                "width": "75px",
              }
            }
          >
            <span>
               
            </span>
          </div>
          <div
            className="rt-td col-displayname"
            role="gridcell"
            style={
              {
                "flex": "75 0 auto",
                "maxWidth": null,
                "width": "75px",
              }
            }
          >
            <span>
               
            </span>
          </div>
          <div
            className="rt-td col-status"
            role="gridcell"
            style={
              {
                "flex": "75 0 auto",
                "maxWidth": null,
                "width": "75px",
              }
            }
          >
            <span>
               
            </span>
          </div>
          <div
            className="rt-td col-supplemental-status"
            role="gridcell"
            style={
              {
                "flex": "75 0 auto",
                "maxWidth": null,
                "width": "75px",
              }
            }
          >
            <span>
               
            </span>
          </div>
          <div
            className="rt-td col-status"
            role="gridcell"
            style={
              {
                "flex": "75 0 auto",
                "maxWidth": null,
                "width": "75px",
              }
            }
          >
            <span>
               
            </span>
          </div>
          <div
            className="rt-td col-date"
            role="gridcell"
            style={
              {
                "flex": "95 0 auto",
                "maxWidth": null,
                "width": "95px",
              }
            }
          >
            <span>
               
            </span>
          </div>
        </div>
      </div>
      <div
        className="rt-tr-group"
        role="rowgroup"
      >
        <div
          className="rt-tr -padRow -odd"
          role="row"
          style={{}}
        >
          <div
            className="rt-td col-compliance-year"
            role="gridcell"
            style={
              {
                "flex": "50 0 auto",
                "maxWidth": null,
                "width": "50px",
              }
            }
          >
            <span>
               
            </span>
          </div>
          <div
            className="rt-td col-organization"
            role="gridcell"
            style={
              {
                "flex": "75 0 auto",
                "maxWidth": null,
                "width": "75px",
              }
            }
          >
            <span>
               
            </span>
          </div>
          <div
            className="rt-td col-displayname"
            role="gridcell"
            style={
              {
                "flex": "75 0 auto",
                "maxWidth": null,
                "width": "75px",
              }
            }
          >
            <span>
               
            </span>
          </div>
          <div
            className="rt-td col-status"
            role="gridcell"
            style={
              {
                "flex": "75 0 auto",
                "maxWidth": null,
                "width": "75px",
              }
            }
          >
            <span>
               
            </span>
          </div>
          <div
            className="rt-td col-supplemental-status"
            role="gridcell"
            style={
              {
                "flex": "75 0 auto",
                "maxWidth": null,
                "width": "75px",
              }
            }
          >
            <span>
               
            </span>
          </div>
          <div
            className="rt-td col-status"
            role="gridcell"
            style={
              {
                "flex": "75 0 auto",
                "maxWidth": null,
                "width": "75px",
              }
            }
          >
            <span>
               
            </span>
          </div>
          <div
            className="rt-td col-date"
            role="gridcell"
            style={
              {
                "flex": "95 0 auto",
                "maxWidth": null,
                "width": "95px",
              }
            }
          >
            <span>
               
            </span>
          </div>
        </div>
      </div>
      <div
        className="rt-tr-group"
        role="rowgroup"
      >
        <div
          className="rt-tr -padRow -even"
          role="row"
          style={{}}
        >
          <div
            className="rt-td col-compliance-year"
            role="gridcell"
            style={
              {
                "flex": "50 0 auto",
                "maxWidth": null,
                "width": "50px",
              }
            }
          >
            <span>
               
            </span>
          </div>
          <div
            className="rt-td col-organization"
            role="gridcell"
            style={
              {
                "flex": "75 0 auto",
                "maxWidth": null,
                "width": "75px",
              }
            }
          >
            <span>
               
            </span>
          </div>
          <div
            className="rt-td col-displayname"
            role="gridcell"
            style={
              {
                "flex": "75 0 auto",
                "maxWidth": null,
                "width": "75px",
              }
            }
          >
            <span>
               
            </span>
          </div>
          <div
            className="rt-td col-status"
            role="gridcell"
            style={
              {
                "flex": "75 0 auto",
                "maxWidth": null,
                "width": "75px",
              }
            }
          >
            <span>
               
            </span>
          </div>
          <div
            className="rt-td col-supplemental-status"
            role="gridcell"
            style={
              {
                "flex": "75 0 auto",
                "maxWidth": null,
                "width": "75px",
              }
            }
          >
            <span>
               
            </span>
          </div>
          <div
            className="rt-td col-status"
            role="gridcell"
            style={
              {
                "flex": "75 0 auto",
                "maxWidth": null,
                "width": "75px",
              }
            }
          >
            <span>
               
            </span>
          </div>
          <div
            className="rt-td col-date"
            role="gridcell"
            style={
              {
                "flex": "95 0 auto",
                "maxWidth": null,
                "width": "95px",
              }
            }
          >
            <span>
               
            </span>
          </div>
        </div>
      </div>
      <div
        className="rt-tr-group"
        role="rowgroup"
      >
        <div
          className="rt-tr -padRow -odd"
          role="row"
          style={{}}
        >
          <div
            className="rt-td col-compliance-year"
            role="gridcell"
            style={
              {
                "flex": "50 0 auto",
                "maxWidth": null,
                "width": "50px",
              }
            }
          >
            <span>
               
            </span>
          </div>
          <div
            className="rt-td col-organization"
            role="gridcell"
            style={
              {
                "flex": "75 0 auto",
                "maxWidth": null,
                "width": "75px",
              }
            }
          >
            <span>
               
            </span>
          </div>
          <div
            className="rt-td col-displayname"
            role="gridcell"
            style={
              {
                "flex": "75 0 auto",
                "maxWidth": null,
                "width": "75px",
              }
            }
          >
            <span>
               
            </span>
          </div>
          <div
            className="rt-td col-status"
            role="gridcell"
            style={
              {
                "flex": "75 0 auto",
                "maxWidth": null,
                "width": "75px",
              }
            }
          >
            <span>
               
            </span>
          </div>
          <div
            className="rt-td col-supplemental-status"
            role="gridcell"
            style={
              {
                "flex": "75 0 auto",
                "maxWidth": null,
                "width": "75px",
              }
            }
          >
            <span>
               
            </span>
          </div>
          <div
            className="rt-td col-status"
            role="gridcell"
            style={
              {
                "flex": "75 0 auto",
                "maxWidth": null,
                "width": "75px",
              }
            }
          >
            <span>
               
            </span>
          </div>
          <div
            className="rt-td col-date"
            role="gridcell"
            style={
              {
                "flex": "95 0 auto",
                "maxWidth": null,
                "width": "95px",
              }
            }
          >
            <span>
               
            </span>
          </div>
        </div>
      </div>
      <div
        className="rt-tr-group"
        role="rowgroup"
      >
        <div
          className="rt-tr -padRow -even"
          role="row"
          style={{}}
        >
          <div
            className="rt-td col-compliance-year"
            role="gridcell"
            style={
              {
                "flex": "50 0 auto",
                "maxWidth": null,
                "width": "50px",
              }
            }
          >
            <span>
               
            </span>
          </div>
          <div
            className="rt-td col-organization"
            role="gridcell"
            style={
              {
                "flex": "75 0 auto",
                "maxWidth": null,
                "width": "75px",
              }
            }
          >
            <span>
               
            </span>
          </div>
          <div
            className="rt-td col-displayname"
            role="gridcell"
            style={
              {
                "flex": "75 0 auto",
                "maxWidth": null,
                "width": "75px",
              }
            }
          >
            <span>
               
            </span>
          </div>
          <div
            className="rt-td col-status"
            role="gridcell"
            style={
              {
                "flex": "75 0 auto",
                "maxWidth": null,
                "width": "75px",
              }
            }
          >
            <span>
               
            </span>
          </div>
          <div
            className="rt-td col-supplemental-status"
            role="gridcell"
            style={
              {
                "flex": "75 0 auto",
                "maxWidth": null,
                "width": "75px",
              }
            }
          >
            <span>
               
            </span>
          </div>
          <div
            className="rt-td col-status"
            role="gridcell"
            style={
              {
                "flex": "75 0 auto",
                "maxWidth": null,
                "width": "75px",
              }
            }
          >
            <span>
               
            </span>
          </div>
          <div
            className="rt-td col-date"
            role="gridcell"
            style={
              {
                "flex": "95 0 auto",
                "maxWidth": null,
                "width": "95px",
              }
            }
          >
            <span>
               
            </span>
          </div>
        </div>
      </div>
      <div
        className="rt-tr-group"
        role="rowgroup"
      >
        <div
          className="rt-tr -padRow -odd"
          role="row"
          style={{}}
        >
          <div
            className="rt-td col-compliance-year"
            role="gridcell"
            style={
              {
                "flex": "50 0 auto",
                "maxWidth": null,
                "width": "50px",
              }
            }
          >
            <span>
               
            </span>
          </div>
          <div
            className="rt-td col-organization"
            role="gridcell"
            style={
              {
                "flex": "75 0 auto",
                "maxWidth": null,
                "width": "75px",
              }
            }
          >
            <span>
               
            </span>
          </div>
          <div
            className="rt-td col-displayname"
            role="gridcell"
            style={
              {
                "flex": "75 0 auto",
                "maxWidth": null,
                "width": "75px",
              }
            }
          >
            <span>
               
            </span>
          </div>
          <div
            className="rt-td col-status"
            role="gridcell"
            style={
              {
                "flex": "75 0 auto",
                "maxWidth": null,
                "width": "75px",
              }
            }
          >
            <span>
               
            </span>
          </div>
          <div
            className="rt-td col-supplemental-status"
            role="gridcell"
            style={
              {
                "flex": "75 0 auto",
                "maxWidth": null,
                "width": "75px",
              }
            }
          >
            <span>
               
            </span>
          </div>
          <div
            className="rt-td col-status"
            role="gridcell"
            style={
              {
                "flex": "75 0 auto",
                "maxWidth": null,
                "width": "75px",
              }
            }
          >
            <span>
               
            </span>
          </div>
          <div
            className="rt-td col-date"
            role="gridcell"
            style={
              {
                "flex": "95 0 auto",
                "maxWidth": null,
                "width": "95px",
              }
            }
          >
            <span>
               
            </span>
          </div>
        </div>
      </div>
      <div
        className="rt-tr-group"
        role="rowgroup"
      >
        <div
          className="rt-tr -padRow -even"
          role="row"
          style={{}}
        >
          <div
            className="rt-td col-compliance-year"
            role="gridcell"
            style={
              {
                "flex": "50 0 auto",
                "maxWidth": null,
                "width": "50px",
              }
            }
          >
            <span>
               
            </span>
          </div>
          <div
            className="rt-td col-organization"
            role="gridcell"
            style={
              {
                "flex": "75 0 auto",
                "maxWidth": null,
                "width": "75px",
              }
            }
          >
            <span>
               
            </span>
          </div>
          <div
            className="rt-td col-displayname"
            role="gridcell"
            style={
              {
                "flex": "75 0 auto",
                "maxWidth": null,
                "width": "75px",
              }
            }
          >
            <span>
               
            </span>
          </div>
          <div
            className="rt-td col-status"
            role="gridcell"
            style={
              {
                "flex": "75 0 auto",
                "maxWidth": null,
                "width": "75px",
              }
            }
          >
            <span>
               
            </span>
          </div>
          <div
            className="rt-td col-supplemental-status"
            role="gridcell"
            style={
              {
                "flex": "75 0 auto",
                "maxWidth": null,
                "width": "75px",
              }
            }
          >
            <span>
               
            </span>
          </div>
          <div
            className="rt-td col-status"
            role="gridcell"
            style={
              {
                "flex": "75 0 auto",
                "maxWidth": null,
                "width": "75px",
              }
            }
          >
            <span>
               
            </span>
          </div>
          <div
            className="rt-td col-date"
            role="gridcell"
            style={
              {
                "flex": "95 0 auto",
                "maxWidth": null,
                "width": "95px",
              }
            }
          >
            <span>
               
            </span>
          </div>
        </div>
      </div>
      <div
        className="rt-tr-group"
        role="rowgroup"
      >
        <div
          className="rt-tr -padRow -odd"
          role="row"
          style={{}}
        >
          <div
            className="rt-td col-compliance-year"
            role="gridcell"
            style={
              {
                "flex": "50 0 auto",
                "maxWidth": null,
                "width": "50px",
              }
            }
          >
            <span>
               
            </span>
          </div>
          <div
            className="rt-td col-organization"
            role="gridcell"
            style={
              {
                "flex": "75 0 auto",
                "maxWidth": null,
                "width": "75px",
              }
            }
          >
            <span>
               
            </span>
          </div>
          <div
            className="rt-td col-displayname"
            role="gridcell"
            style={
              {
                "flex": "75 0 auto",
                "maxWidth": null,
                "width": "75px",
              }
            }
          >
            <span>
               
            </span>
          </div>
          <div
            className="rt-td col-status"
            role="gridcell"
            style={
              {
                "flex": "75 0 auto",
                "maxWidth": null,
                "width": "75px",
              }
            }
          >
            <span>
               
            </span>
          </div>
          <div
            className="rt-td col-supplemental-status"
            role="gridcell"
            style={
              {
                "flex": "75 0 auto",
                "maxWidth": null,
                "width": "75px",
              }
            }
          >
            <span>
               
            </span>
          </div>
          <div
            className="rt-td col-status"
            role="gridcell"
            style={
              {
                "flex": "75 0 auto",
                "maxWidth": null,
                "width": "75px",
              }
            }
          >
            <span>
               
            </span>
          </div>
          <div
            className="rt-td col-date"
            role="gridcell"
            style={
              {
                "flex": "95 0 auto",
                "maxWidth": null,
                "width": "95px",
              }
            }
          >
            <span>
               
            </span>
          </div>
        </div>
      </div>
      <div
        className="rt-tr-group"
        role="rowgroup"
      >
        <div
          className="rt-tr -padRow -even"
          role="row"
          style={{}}
        >
          <div
            className="rt-td col-compliance-year"
            role="gridcell"
            style={
              {
                "flex": "50 0 auto",
                "maxWidth": null,
                "width": "50px",
              }
            }
          >
            <span>
               
            </span>
          </div>
          <div
            className="rt-td col-organization"
            role="gridcell"
            style={
              {
                "flex": "75 0 auto",
                "maxWidth": null,
                "width": "75px",
              }
            }
          >
            <span>
               
            </span>
          </div>
          <div
            className="rt-td col-displayname"
            role="gridcell"
            style={
              {
                "flex": "75 0 auto",
                "maxWidth": null,
                "width": "75px",
              }
            }
          >
            <span>
               
            </span>
          </div>
          <div
            className="rt-td col-status"
            role="gridcell"
            style={
              {
                "flex": "75 0 auto",
                "maxWidth": null,
                "width": "75px",
              }
            }
          >
            <span>
               
            </span>
          </div>
          <div
            className="rt-td col-supplemental-status"
            role="gridcell"
            style={
              {
                "flex": "75 0 auto",
                "maxWidth": null,
                "width": "75px",
              }
            }
          >
            <span>
               
            </span>
          </div>
          <div
            className="rt-td col-status"
            role="gridcell"
            style={
              {
                "flex": "75 0 auto",
                "maxWidth": null,
                "width": "75px",
              }
            }
          >
            <span>
               
            </span>
          </div>
          <div
            className="rt-td col-date"
            role="gridcell"
            style={
              {
                "flex": "95 0 auto",
                "maxWidth": null,
                "width": "95px",
              }
            }
          >
            <span>
               
            </span>
          </div>
        </div>
      </div>
    </div>
  </div>
  <div
    className="pagination-bottom"
  >
    <div
      className="-pagination"
    >
      <div
        className="-previous"
      >
        <button
          className="-btn"
          disabled={true}
          onClick={[Function]}
          type="button"
        >
          Previous
        </button>
      </div>
      <div
        className="-center"
      >
        <span
          className="-pageInfo"
        >
          Page
           
          <div
            className="-pageJump"
          >
            <input
              aria-label="jump to page"
              onBlur={[Function]}
              onChange={[Function]}
              onKeyPress={[Function]}
              type="number"
              value={1}
            />
          </div>
           
          of
           
          <span
            className="-totalPages"
          >
            1
          </span>
        </span>
        <span
          className="select-wrap -pageSizeOptions"
        >
          <select
            aria-label="rows per page"
            onChange={[Function]}
            value={10}
          >
            <option
              value={5}
            >
              5 rows
            </option>
            <option
              value={10}
            >
              10 rows
            </option>
            <option
              value={15}
            >
              15 rows
            </option>
            <option
              value={20}
            >
              20 rows
            </option>
            <option
              value={25}
            >
              25 rows
            </option>
            <option
              value={50}
            >
              50 rows
            </option>
            <option
              value={100}
            >
              100 rows
            </option>
          </select>
        </span>
      </div>
      <div
        className="-next"
      >
        <button
          className="-btn"
          disabled={true}
          onClick={[Function]}
          type="button"
        >
          Next
        </button>
      </div>
    </div>
  </div>
  <div
    className="rt-noData"
  >
    No rows found
  </div>
  <div
    className="-loading"
  >
    <div
      className="-loading-inner"
    >
      Loading...
    </div>
  </div>
</div>
`;
